// Jest Snapshot v1, https://goo.gl/fbAQLP

exports[`<TableList /> component render correctly 1`] = `ShallowWrapper {}`;
