// Jest Snapshot v1, https://goo.gl/fbAQLP

exports[`<UserForm /> component render correctly 1`] = `ShallowWrapper {}`;
