// Jest Snapshot v1, https://goo.gl/fbAQLP

exports[`<UserAdd /> component render correctly 1`] = `ShallowWrapper {}`;
